
> @docudata/bp-config-core@1.0.2 createTable
> aws dynamodb create-table --cli-input-json file://test/db-table.json --no-paginate

{
    "TableDescription": {
        "AttributeDefinitions": [
            {
                "AttributeName": "base-pk",
                "AttributeType": "S"
            },
            {
                "AttributeName": "base-sk",
                "AttributeType": "S"
            },
            {
                "AttributeName": "bp-gs1-sk",
                "AttributeType": "S"
            }
        ],
        "TableName": "testtable",
        "KeySchema": [
            {
                "AttributeName": "base-pk",
                "KeyType": "HASH"
            },
            {
                "AttributeName": "base-sk",
                "KeyType": "RANGE"
            }
        ],
        "TableStatus": "CREATING",
        "CreationDateTime": "2021-05-05T05:25:34.580000-07:00",
        "ProvisionedThroughput": {
            "NumberOfDecreasesToday": 0,
            "ReadCapacityUnits": 5,
            "WriteCapacityUnits": 5
        },
        "TableSizeBytes": 0,
        "ItemCount": 0,
        "TableArn": "arn:aws:dynamodb:us-east-1:356531459747:table/testtable",
        "TableId": "c35fb986-1594-4394-9f60-827cf4a8c75f",
        "GlobalSecondaryIndexes": [
            {
                "IndexName": "bp-gs1",
                "KeySchema": [
                    {
                        "AttributeName": "base-sk",
                        "KeyType": "HASH"
                    },
                    {
                        "AttributeName": "bp-gs1-sk",
                        "KeyType": "RANGE"
                    }
                ],
                "Projection": {
                    "ProjectionType": "ALL"
                },
                "IndexStatus": "CREATING",
                "ProvisionedThroughput": {
                    "NumberOfDecreasesToday": 0,
                    "ReadCapacityUnits": 5,
                    "WriteCapacityUnits": 5
                },
                "IndexSizeBytes": 0,
                "ItemCount": 0,
                "IndexArn": "arn:aws:dynamodb:us-east-1:356531459747:table/testtable/index/bp-gs1"
            }
        ]
    }
}
